<tr>
    <td>todo assigned</td>
    <td>foo</td>
    <td>second todo</td>
    <td>completed</td>
    <td>0001-01-01T00:00:00Z</td>
  </tr>