<tr>
    <td>unassigned</td>
    <td></td>
    <td>second todo</td>
    <td>pending</td>
    <td>0001-01-01T00:00:00Z</td>
  </tr>